[alejandrovidela.framer.website/index.html]
[backblue.gif]
[fade.gif]
[index.html]
[framerusercontent.com/images/kDGVhMRbQ9OXMUkT79TbluZrXk.png]
[framerusercontent.com/images/AD0ibtMkqN4cIFytQc5Ybvo3DQ.png]
[alejandrovidela.framer.website/contact.html]
[alejandrovidela.framer.website/about-me.html]
[framerusercontent.com/images/AaJMT371Qqi0VCCyiqIANvXGxHc.png]
[framerusercontent.com/images/Ojam5KebIshpiJmxGWLMbvPjlyI.png]
[framerusercontent.com/images/OtMhY1WRP4HEyK32K5nLPN0s6uo.png]
[framerusercontent.com/images/UYUleKYzSo8ujGJRGZiEgKD2dk.png]
[framerusercontent.com/images/hZXmHzSrKasschqRogdRH46A.png]
[framerusercontent.com/images/wwhSNMjyqCG4jaGRIKxyzx3Ny5E.png]
[alejandrovidela.framer.website/work/rcalendar.html]
[framerusercontent.com/images/EAxviQUpHWpSFcEBIHJl71J6E.png]
[alejandrovidela.framer.website/work/marco-ux.html]
[framerusercontent.com/images/hcwfKvocAoRbdwON0tkGrX2zbhc.png]
[alejandrovidela.framer.website/work/kit-ui-rflex.html]
[framerusercontent.com/images/a9DZi64gcyi9Im5Q8VVKe3NDwA.png]
[alejandrovidela.framer.website/work/webapp-gdp.html]
[framerusercontent.com/images/fbRGyq3JsZvhVYGEFVeIvyqp9T0.png]
[alejandrovidela.framer.website/work/snusi.html]
[framerusercontent.com/images/2BdIhNOjVk4BDgt8fSpmKmOkw.png]
[alejandrovidela.framer.website/work/tne.html]
[framerusercontent.com/images/o8OqCElTzleZ90arhjUUWzOG4.png]
[alejandrovidela.framer.website/index.html]
[alejandrovidela.framer.website/contact.html]
[alejandrovidela.framer.website/work.html]
[framerusercontent.com/images/nBDMrpV2Kv2ZOjWZAQ3jYPyU18.png]
[framerusercontent.com/images/BEmCkJ0wT7PBLZRJiF9XO3mN8c.png]
[framerusercontent.com/images/WlLfa0l1UwHyiEbYxerEeWGTGd0.png]
[framerusercontent.com/images/QgzvzpAS1Q1G8FMGGYUyaEquEI.png]
[alejandrovidela.framer.website/about-me.html]
[framerusercontent.com/images/Tp5nUPNKKOtrwjc43JZL0KD4ak.png]
[alejandrovidela.framer.website/work/rcalendar.html]
[alejandrovidela.framer.website/work/marco-ux.html]
[framerusercontent.com/images/D78mdWwS0lDKmrw65YYQBgPFC8Y.png]
[framerusercontent.com/images/TQ5thODmW8Pbb5rk2km5nglenHQ.png]
[alejandrovidela.framer.website/work/kit-ui-rflex.html]
[framerusercontent.com/images/Cqfaz9KUm24o3LQc68dM2FhleaU.png]
[framerusercontent.com/images/F9o7LeRZatkg2BJYbb7359LQqP8.png]
[framerusercontent.com/images/YVMMc9ALOLpDLmnSAtRwKKe72s.png]
[framerusercontent.com/images/taIsr1V5U6fSdYce5D4jmfMwYxw.png]
[alejandrovidela.framer.website/work/webapp-gdp.html]
[framerusercontent.com/images/zxPXI5dijG3ZzOHC4rmKmC8REcc.png]
[framerusercontent.com/images/QVieb2A2rkDVHJL1spigYh3kxds.png]
[framerusercontent.com/images/5SZXOLr9Sqd1eCICJdPpJIEoFA.png]
[framerusercontent.com/images/SNvHxKyGjst6bYSfBMk3AlLqWzc.png]
[framerusercontent.com/images/WXWmv58d9sUu4dqpzmT1VHpljJM.png]
[alejandrovidela.framer.website/work/snusi.html]
[framerusercontent.com/images/rBvihvJOmnn08ADNj7qbl5ZDMXw.png]
[framerusercontent.com/images/6UN7qv7hCWgJoQCFY2h5ATplq1U.png]
[framerusercontent.com/images/5Cv9ox04OKpkSxnUExZG4GDw5o.png]
[framerusercontent.com/images/95HyWZ57aN6pYdlyZIhmwMcNMDU.png]
[alejandrovidela.framer.website/work/tne.html]
[alejandrovidela.framer.website/work.html]
